app/caja/page.tsx(4,27): error TS2307: Cannot find module '@/components/layout/app-layout' or its corresponding type declarations.
app/caja/page.tsx(5,25): error TS2307: Cannot find module '@/lib/data-context' or its corresponding type declarations.
app/caja/page.tsx(6,25): error TS2307: Cannot find module '@/lib/auth-context' or its corresponding type declarations.
app/caja/page.tsx(7,58): error TS2307: Cannot find module '@/components/ui/tabs' or its corresponding type declarations.
app/caja/page.tsx(8,58): error TS2307: Cannot find module '@/components/ui/card' or its corresponding type declarations.
app/caja/page.tsx(9,24): error TS2307: Cannot find module '@/components/ui/button' or its corresponding type declarations.
app/caja/page.tsx(10,23): error TS2307: Cannot find module '@/components/ui/input' or its corresponding type declarations.
app/caja/page.tsx(11,23): error TS2307: Cannot find module '@/components/ui/label' or its corresponding type declarations.
app/caja/page.tsx(12,79): error TS2307: Cannot find module '@/components/ui/select' or its corresponding type declarations.
app/caja/page.tsx(13,26): error TS2307: Cannot find module '@/components/ui/textarea' or its corresponding type declarations.
app/caja/page.tsx(14,23): error TS2307: Cannot find module '@/components/ui/badge' or its corresponding type declarations.
app/caja/page.tsx(15,41): error TS2307: Cannot find module '@/components/ui/alert' or its corresponding type declarations.
app/caja/page.tsx(23,8): error TS2307: Cannot find module '@/components/ui/dialog' or its corresponding type declarations.
app/caja/page.tsx(24,79): error TS2307: Cannot find module '@/components/ui/table' or its corresponding type declarations.
app/caja/page.tsx(25,46): error TS2307: Cannot find module '@/lib/utils' or its corresponding type declarations.
app/caja/page.tsx(44,83): error TS2307: Cannot find module '@/lib/types' or its corresponding type declarations.
app/caja/page.tsx(46,26): error TS2307: Cannot find module '@/components/ui/use-toast' or its corresponding type declarations.
app/caja/page.tsx(47,69): error TS2307: Cannot find module '@/lib/pdf-generator' or its corresponding type declarations.
app/caja/page.tsx(49,37): error TS2307: Cannot find module '@/components/ui/date-range-picker' or its corresponding type declarations.
app/caja/page.tsx(551,11): error TS17004: Cannot use JSX unless the '--jsx' flag is provided.
app/caja/page.tsx(552,13): error TS17004: Cannot use JSX unless the '--jsx' flag is provided.
app/caja/page.tsx(558,11): error TS17004: Cannot use JSX unless the '--jsx' flag is provided.
app/caja/page.tsx(559,13): error TS17004: Cannot use JSX unless the '--jsx' flag is provided.
app/caja/page.tsx(565,11): error TS17004: Cannot use JSX unless the '--jsx' flag is provided.
app/caja/page.tsx(566,13): error TS17004: Cannot use JSX unless the '--jsx' flag is provided.
app/caja/page.tsx(652,5): error TS17004: Cannot use JSX unless the '--jsx' flag is provided.
app/caja/page.tsx(653,7): error TS17004: Cannot use JSX unless the '--jsx' flag is provided.
app/caja/page.tsx(655,9): error TS17004: Cannot use JSX unless the '--jsx' flag is provided.
app/caja/page.tsx(656,11): error TS17004: Cannot use JSX unless the '--jsx' flag is provided.
app/caja/page.tsx(657,13): error TS17004: Cannot use JSX unless the '--jsx' flag is provided.
app/caja/page.tsx(658,13): error TS17004: Cannot use JSX unless the '--jsx' flag is provided.
app/caja/page.tsx(661,13): error TS17004: Cannot use JSX unless the '--jsx' flag is provided.
app/caja/page.tsx(662,15): error TS17004: Cannot use JSX unless the '--jsx' flag is provided.
app/caja/page.tsx(663,17): error TS17004: Cannot use JSX unless the '--jsx' flag is provided.
app/caja/page.tsx(670,9): error TS17004: Cannot use JSX unless the '--jsx' flag is provided.
app/caja/page.tsx(671,11): error TS17004: Cannot use JSX unless the '--jsx' flag is provided.
app/caja/page.tsx(672,13): error TS17004: Cannot use JSX unless the '--jsx' flag is provided.
app/caja/page.tsx(673,13): error TS17004: Cannot use JSX unless the '--jsx' flag is provided.
app/caja/page.tsx(674,13): error TS17004: Cannot use JSX unless the '--jsx' flag is provided.
app/caja/page.tsx(678,11): error TS17004: Cannot use JSX unless the '--jsx' flag is provided.
app/caja/page.tsx(680,13): error TS17004: Cannot use JSX unless the '--jsx' flag is provided.
app/caja/page.tsx(681,15): error TS17004: Cannot use JSX unless the '--jsx' flag is provided.
app/caja/page.tsx(682,17): error TS17004: Cannot use JSX unless the '--jsx' flag is provided.
app/caja/page.tsx(683,19): error TS17004: Cannot use JSX unless the '--jsx' flag is provided.
app/caja/page.tsx(684,21): error TS17004: Cannot use JSX unless the '--jsx' flag is provided.
app/caja/page.tsx(685,23): error TS17004: Cannot use JSX unless the '--jsx' flag is provided.
app/caja/page.tsx(686,23): error TS17004: Cannot use JSX unless the '--jsx' flag is provided.
app/caja/page.tsx(688,21): error TS17004: Cannot use JSX unless the '--jsx' flag is provided.
app/caja/page.tsx(689,23): error TS17004: Cannot use JSX unless the '--jsx' flag is provided.
app/caja/page.tsx(690,23): error TS17004: Cannot use JSX unless the '--jsx' flag is provided.
app/caja/page.tsx(692,21): error TS17004: Cannot use JSX unless the '--jsx' flag is provided.
app/caja/page.tsx(693,23): error TS17004: Cannot use JSX unless the '--jsx' flag is provided.
app/caja/page.tsx(694,23): error TS17004: Cannot use JSX unless the '--jsx' flag is provided.
app/caja/page.tsx(702,19): error TS17004: Cannot use JSX unless the '--jsx' flag is provided.
app/caja/page.tsx(704,23): error TS17004: Cannot use JSX unless the '--jsx' flag is provided.
app/caja/page.tsx(709,25): error TS17004: Cannot use JSX unless the '--jsx' flag is provided.
app/caja/page.tsx(714,23): error TS17004: Cannot use JSX unless the '--jsx' flag is provided.
app/caja/page.tsx(719,25): error TS17004: Cannot use JSX unless the '--jsx' flag is provided.
app/caja/page.tsx(729,13): error TS17004: Cannot use JSX unless the '--jsx' flag is provided.
app/caja/page.tsx(730,15): error TS17004: Cannot use JSX unless the '--jsx' flag is provided.
app/caja/page.tsx(731,17): error TS17004: Cannot use JSX unless the '--jsx' flag is provided.
app/caja/page.tsx(732,19): error TS17004: Cannot use JSX unless the '--jsx' flag is provided.
app/caja/page.tsx(733,21): error TS17004: Cannot use JSX unless the '--jsx' flag is provided.
app/caja/page.tsx(737,17): error TS17004: Cannot use JSX unless the '--jsx' flag is provided.
app/caja/page.tsx(738,19): error TS17004: Cannot use JSX unless the '--jsx' flag is provided.
app/caja/page.tsx(739,21): error TS17004: Cannot use JSX unless the '--jsx' flag is provided.
app/caja/page.tsx(740,23): error TS17004: Cannot use JSX unless the '--jsx' flag is provided.
app/caja/page.tsx(741,23): error TS17004: Cannot use JSX unless the '--jsx' flag is provided.
app/caja/page.tsx(743,21): error TS17004: Cannot use JSX unless the '--jsx' flag is provided.
app/caja/page.tsx(744,23): error TS17004: Cannot use JSX unless the '--jsx' flag is provided.
app/caja/page.tsx(745,23): error TS17004: Cannot use JSX unless the '--jsx' flag is provided.
app/caja/page.tsx(747,21): error TS17004: Cannot use JSX unless the '--jsx' flag is provided.
app/caja/page.tsx(748,23): error TS17004: Cannot use JSX unless the '--jsx' flag is provided.
app/caja/page.tsx(749,23): error TS17004: Cannot use JSX unless the '--jsx' flag is provided.
app/caja/page.tsx(752,19): error TS17004: Cannot use JSX unless the '--jsx' flag is provided.
app/caja/page.tsx(758,15): error TS17004: Cannot use JSX unless the '--jsx' flag is provided.
app/caja/page.tsx(759,17): error TS17004: Cannot use JSX unless the '--jsx' flag is provided.
app/caja/page.tsx(760,19): error TS17004: Cannot use JSX unless the '--jsx' flag is provided.
app/caja/page.tsx(761,21): error TS17004: Cannot use JSX unless the '--jsx' flag is provided.
app/caja/page.tsx(765,17): error TS17004: Cannot use JSX unless the '--jsx' flag is provided.
app/caja/page.tsx(766,19): error TS17004: Cannot use JSX unless the '--jsx' flag is provided.
app/caja/page.tsx(767,21): error TS17004: Cannot use JSX unless the '--jsx' flag is provided.
app/caja/page.tsx(768,23): error TS17004: Cannot use JSX unless the '--jsx' flag is provided.
app/caja/page.tsx(769,23): error TS17004: Cannot use JSX unless the '--jsx' flag is provided.
app/caja/page.tsx(771,21): error TS17004: Cannot use JSX unless the '--jsx' flag is provided.
app/caja/page.tsx(772,23): error TS17004: Cannot use JSX unless the '--jsx' flag is provided.
app/caja/page.tsx(773,23): error TS17004: Cannot use JSX unless the '--jsx' flag is provided.
app/caja/page.tsx(775,21): error TS17004: Cannot use JSX unless the '--jsx' flag is provided.
app/caja/page.tsx(776,23): error TS17004: Cannot use JSX unless the '--jsx' flag is provided.
app/caja/page.tsx(777,23): error TS17004: Cannot use JSX unless the '--jsx' flag is provided.
app/caja/page.tsx(780,19): error TS17004: Cannot use JSX unless the '--jsx' flag is provided.
app/caja/page.tsx(788,13): error TS17004: Cannot use JSX unless the '--jsx' flag is provided.
app/caja/page.tsx(789,15): error TS17004: Cannot use JSX unless the '--jsx' flag is provided.
app/caja/page.tsx(790,17): error TS17004: Cannot use JSX unless the '--jsx' flag is provided.
app/caja/page.tsx(792,15): error TS17004: Cannot use JSX unless the '--jsx' flag is provided.
app/caja/page.tsx(793,17): error TS17004: Cannot use JSX unless the '--jsx' flag is provided.
app/caja/page.tsx(794,19): error TS17004: Cannot use JSX unless the '--jsx' flag is provided.
app/caja/page.tsx(795,21): error TS17004: Cannot use JSX unless the '--jsx' flag is provided.
app/caja/page.tsx(796,23): error TS17004: Cannot use JSX unless the '--jsx' flag is provided.
app/caja/page.tsx(797,23): error TS17004: Cannot use JSX unless the '--jsx' flag is provided.
app/caja/page.tsx(798,23): error TS17004: Cannot use JSX unless the '--jsx' flag is provided.
app/caja/page.tsx(799,23): error TS17004: Cannot use JSX unless the '--jsx' flag is provided.
app/caja/page.tsx(800,23): error TS17004: Cannot use JSX unless the '--jsx' flag is provided.
app/caja/page.tsx(803,19): error TS17004: Cannot use JSX unless the '--jsx' flag is provided.
app/caja/page.tsx(808,25): error TS17004: Cannot use JSX unless the '--jsx' flag is provided.
app/caja/page.tsx(809,27): error TS17004: Cannot use JSX unless the '--jsx' flag is provided.
app/caja/page.tsx(812,27): error TS17004: Cannot use JSX unless the '--jsx' flag is provided.
app/caja/page.tsx(813,27): error TS17004: Cannot use JSX unless the '--jsx' flag is provided.
app/caja/page.tsx(814,29): error TS17004: Cannot use JSX unless the '--jsx' flag is provided.
app/caja/page.tsx(818,35): error TS17004: Cannot use JSX unless the '--jsx' flag is provided.
app/caja/page.tsx(825,27): error TS17004: Cannot use JSX unless the '--jsx' flag is provided.
app/caja/page.tsx(826,29): error TS17004: Cannot use JSX unless the '--jsx' flag is provided.
app/caja/page.tsx(830,27): error TS17004: Cannot use JSX unless the '--jsx' flag is provided.
app/caja/page.tsx(835,25): error TS17004: Cannot use JSX unless the '--jsx' flag is provided.
app/caja/page.tsx(836,27): error TS17004: Cannot use JSX unless the '--jsx' flag is provided.
app/caja/page.tsx(847,13): error TS17004: Cannot use JSX unless the '--jsx' flag is provided.
app/caja/page.tsx(848,15): error TS17004: Cannot use JSX unless the '--jsx' flag is provided.
app/caja/page.tsx(849,17): error TS17004: Cannot use JSX unless the '--jsx' flag is provided.
app/caja/page.tsx(851,15): error TS17004: Cannot use JSX unless the '--jsx' flag is provided.
app/caja/page.tsx(852,17): error TS17004: Cannot use JSX unless the '--jsx' flag is provided.
app/caja/page.tsx(853,19): error TS17004: Cannot use JSX unless the '--jsx' flag is provided.
app/caja/page.tsx(854,21): error TS17004: Cannot use JSX unless the '--jsx' flag is provided.
app/caja/page.tsx(855,23): error TS17004: Cannot use JSX unless the '--jsx' flag is provided.
app/caja/page.tsx(856,23): error TS17004: Cannot use JSX unless the '--jsx' flag is provided.
app/caja/page.tsx(857,23): error TS17004: Cannot use JSX unless the '--jsx' flag is provided.
app/caja/page.tsx(858,23): error TS17004: Cannot use JSX unless the '--jsx' flag is provided.
app/caja/page.tsx(859,23): error TS17004: Cannot use JSX unless the '--jsx' flag is provided.
app/caja/page.tsx(860,23): error TS17004: Cannot use JSX unless the '--jsx' flag is provided.
app/caja/page.tsx(863,19): error TS17004: Cannot use JSX unless the '--jsx' flag is provided.
app/caja/page.tsx(868,25): error TS17004: Cannot use JSX unless the '--jsx' flag is provided.
app/caja/page.tsx(869,27): error TS17004: Cannot use JSX unless the '--jsx' flag is provided.
app/caja/page.tsx(870,27): error TS17004: Cannot use JSX unless the '--jsx' flag is provided.
app/caja/page.tsx(871,27): error TS17004: Cannot use JSX unless the '--jsx' flag is provided.
app/caja/page.tsx(874,27): error TS17004: Cannot use JSX unless the '--jsx' flag is provided.
app/caja/page.tsx(877,27): error TS17004: Cannot use JSX unless the '--jsx' flag is provided.
app/caja/page.tsx(880,27): error TS17004: Cannot use JSX unless the '--jsx' flag is provided.
app/caja/page.tsx(881,29): error TS17004: Cannot use JSX unless the '--jsx' flag is provided.
app/caja/page.tsx(892,11): error TS17004: Cannot use JSX unless the '--jsx' flag is provided.
app/caja/page.tsx(894,13): error TS17004: Cannot use JSX unless the '--jsx' flag is provided.
app/caja/page.tsx(895,15): error TS17004: Cannot use JSX unless the '--jsx' flag is provided.
app/caja/page.tsx(896,17): error TS17004: Cannot use JSX unless the '--jsx' flag is provided.
app/caja/page.tsx(897,19): error TS17004: Cannot use JSX unless the '--jsx' flag is provided.
app/caja/page.tsx(898,21): error TS17004: Cannot use JSX unless the '--jsx' flag is provided.
app/caja/page.tsx(899,23): error TS17004: Cannot use JSX unless the '--jsx' flag is provided.
app/caja/page.tsx(900,23): error TS17004: Cannot use JSX unless the '--jsx' flag is provided.
app/caja/page.tsx(901,25): error TS17004: Cannot use JSX unless the '--jsx' flag is provided.
app/caja/page.tsx(902,25): error TS17004: Cannot use JSX unless the '--jsx' flag is provided.
app/caja/page.tsx(905,21): error TS17004: Cannot use JSX unless the '--jsx' flag is provided.
app/caja/page.tsx(906,21): error TS17004: Cannot use JSX unless the '--jsx' flag is provided.
app/caja/page.tsx(907,23): error TS17004: Cannot use JSX unless the '--jsx' flag is provided.
app/caja/page.tsx(908,23): error TS17004: Cannot use JSX unless the '--jsx' flag is provided.
app/caja/page.tsx(915,13): error TS17004: Cannot use JSX unless the '--jsx' flag is provided.
app/caja/page.tsx(917,15): error TS17004: Cannot use JSX unless the '--jsx' flag is provided.
app/caja/page.tsx(920,17): error TS17004: Cannot use JSX unless the '--jsx' flag is provided.
app/caja/page.tsx(921,19): error TS17004: Cannot use JSX unless the '--jsx' flag is provided.
app/caja/page.tsx(922,21): error TS17004: Cannot use JSX unless the '--jsx' flag is provided.
app/caja/page.tsx(923,23): error TS17004: Cannot use JSX unless the '--jsx' flag is provided.
app/caja/page.tsx(924,25): error TS17004: Cannot use JSX unless the '--jsx' flag is provided.
app/caja/page.tsx(925,25): error TS17004: Cannot use JSX unless the '--jsx' flag is provided.
app/caja/page.tsx(926,27): error TS17004: Cannot use JSX unless the '--jsx' flag is provided.
app/caja/page.tsx(927,29): error TS17004: Cannot use JSX unless the '--jsx' flag is provided.
app/caja/page.tsx(929,27): error TS17004: Cannot use JSX unless the '--jsx' flag is provided.
app/caja/page.tsx(932,31): error TS17004: Cannot use JSX unless the '--jsx' flag is provided.
app/caja/page.tsx(939,23): error TS17004: Cannot use JSX unless the '--jsx' flag is provided.
app/caja/page.tsx(940,25): error TS17004: Cannot use JSX unless the '--jsx' flag is provided.
app/caja/page.tsx(941,27): error TS17004: Cannot use JSX unless the '--jsx' flag is provided.
app/caja/page.tsx(942,29): error TS17004: Cannot use JSX unless the '--jsx' flag is provided.
app/caja/page.tsx(953,25): error TS17004: Cannot use JSX unless the '--jsx' flag is provided.
app/caja/page.tsx(954,27): error TS17004: Cannot use JSX unless the '--jsx' flag is provided.
app/caja/page.tsx(955,27): error TS17004: Cannot use JSX unless the '--jsx' flag is provided.
app/caja/page.tsx(963,19): error TS17004: Cannot use JSX unless the '--jsx' flag is provided.
app/caja/page.tsx(965,21): error TS17004: Cannot use JSX unless the '--jsx' flag is provided.
app/caja/page.tsx(966,23): error TS17004: Cannot use JSX unless the '--jsx' flag is provided.
app/caja/page.tsx(967,25): error TS17004: Cannot use JSX unless the '--jsx' flag is provided.
app/caja/page.tsx(968,27): error TS17004: Cannot use JSX unless the '--jsx' flag is provided.
app/caja/page.tsx(969,29): error TS17004: Cannot use JSX unless the '--jsx' flag is provided.
app/caja/page.tsx(970,31): error TS17004: Cannot use JSX unless the '--jsx' flag is provided.
app/caja/page.tsx(972,29): error TS17004: Cannot use JSX unless the '--jsx' flag is provided.
app/caja/page.tsx(973,31): error TS17004: Cannot use JSX unless the '--jsx' flag is provided.
app/caja/page.tsx(974,31): error TS17004: Cannot use JSX unless the '--jsx' flag is provided.
app/caja/page.tsx(979,23): error TS17004: Cannot use JSX unless the '--jsx' flag is provided.
app/caja/page.tsx(980,25): error TS17004: Cannot use JSX unless the '--jsx' flag is provided.
app/caja/page.tsx(981,27): error TS17004: Cannot use JSX unless the '--jsx' flag is provided.
app/caja/page.tsx(982,29): error TS17004: Cannot use JSX unless the '--jsx' flag is provided.
app/caja/page.tsx(983,31): error TS17004: Cannot use JSX unless the '--jsx' flag is provided.
app/caja/page.tsx(985,29): error TS17004: Cannot use JSX unless the '--jsx' flag is provided.
app/caja/page.tsx(986,31): error TS17004: Cannot use JSX unless the '--jsx' flag is provided.
app/caja/page.tsx(987,31): error TS17004: Cannot use JSX unless the '--jsx' flag is provided.
app/caja/page.tsx(996,21): error TS17004: Cannot use JSX unless the '--jsx' flag is provided.
app/caja/page.tsx(997,23): error TS17004: Cannot use JSX unless the '--jsx' flag is provided.
app/caja/page.tsx(998,25): error TS17004: Cannot use JSX unless the '--jsx' flag is provided.
app/caja/page.tsx(999,27): error TS17004: Cannot use JSX unless the '--jsx' flag is provided.
app/caja/page.tsx(1000,29): error TS17004: Cannot use JSX unless the '--jsx' flag is provided.
app/caja/page.tsx(1001,29): error TS17004: Cannot use JSX unless the '--jsx' flag is provided.
app/caja/page.tsx(1003,27): error TS17004: Cannot use JSX unless the '--jsx' flag is provided.
app/caja/page.tsx(1004,29): error TS17004: Cannot use JSX unless the '--jsx' flag is provided.
app/caja/page.tsx(1005,29): error TS17004: Cannot use JSX unless the '--jsx' flag is provided.
app/caja/page.tsx(1007,27): error TS17004: Cannot use JSX unless the '--jsx' flag is provided.
app/caja/page.tsx(1008,29): error TS17004: Cannot use JSX unless the '--jsx' flag is provided.
app/caja/page.tsx(1009,29): error TS17004: Cannot use JSX unless the '--jsx' flag is provided.
app/caja/page.tsx(1016,21): error TS17004: Cannot use JSX unless the '--jsx' flag is provided.
app/caja/page.tsx(1017,23): error TS17004: Cannot use JSX unless the '--jsx' flag is provided.
app/caja/page.tsx(1018,25): error TS17004: Cannot use JSX unless the '--jsx' flag is provided.
app/caja/page.tsx(1019,27): error TS17004: Cannot use JSX unless the '--jsx' flag is provided.
app/caja/page.tsx(1020,27): error TS17004: Cannot use JSX unless the '--jsx' flag is provided.
app/caja/page.tsx(1023,23): error TS17004: Cannot use JSX unless the '--jsx' flag is provided.
app/caja/page.tsx(1025,27): error TS17004: Cannot use JSX unless the '--jsx' flag is provided.
app/caja/page.tsx(1027,27): error TS17004: Cannot use JSX unless the '--jsx' flag is provided.
app/caja/page.tsx(1028,29): error TS17004: Cannot use JSX unless the '--jsx' flag is provided.
app/caja/page.tsx(1029,31): error TS17004: Cannot use JSX unless the '--jsx' flag is provided.
app/caja/page.tsx(1030,33): error TS17004: Cannot use JSX unless the '--jsx' flag is provided.
app/caja/page.tsx(1031,33): error TS17004: Cannot use JSX unless the '--jsx' flag is provided.
app/caja/page.tsx(1032,33): error TS17004: Cannot use JSX unless the '--jsx' flag is provided.
app/caja/page.tsx(1033,33): error TS17004: Cannot use JSX unless the '--jsx' flag is provided.
app/caja/page.tsx(1034,33): error TS17004: Cannot use JSX unless the '--jsx' flag is provided.
app/caja/page.tsx(1037,29): error TS17004: Cannot use JSX unless the '--jsx' flag is provided.
app/caja/page.tsx(1041,35): error TS17004: Cannot use JSX unless the '--jsx' flag is provided.
app/caja/page.tsx(1042,37): error TS17004: Cannot use JSX unless the '--jsx' flag is provided.
app/caja/page.tsx(1043,37): error TS17004: Cannot use JSX unless the '--jsx' flag is provided.
app/caja/page.tsx(1044,37): error TS17004: Cannot use JSX unless the '--jsx' flag is provided.
app/caja/page.tsx(1045,39): error TS17004: Cannot use JSX unless the '--jsx' flag is provided.
app/caja/page.tsx(1061,37): error TS17004: Cannot use JSX unless the '--jsx' flag is provided.
app/caja/page.tsx(1062,37): error TS17004: Cannot use JSX unless the '--jsx' flag is provided.
app/caja/page.tsx(1072,21): error TS17004: Cannot use JSX unless the '--jsx' flag is provided.
app/caja/page.tsx(1073,23): error TS17004: Cannot use JSX unless the '--jsx' flag is provided.
app/caja/page.tsx(1074,25): error TS17004: Cannot use JSX unless the '--jsx' flag is provided.
app/caja/page.tsx(1076,23): error TS17004: Cannot use JSX unless the '--jsx' flag is provided.
app/caja/page.tsx(1088,36): error TS17004: Cannot use JSX unless the '--jsx' flag is provided.
app/caja/page.tsx(1092,29): error TS17004: Cannot use JSX unless the '--jsx' flag is provided.
app/caja/page.tsx(1093,31): error TS17004: Cannot use JSX unless the '--jsx' flag is provided.
app/caja/page.tsx(1094,33): error TS17004: Cannot use JSX unless the '--jsx' flag is provided.
app/caja/page.tsx(1095,35): error TS17004: Cannot use JSX unless the '--jsx' flag is provided.
app/caja/page.tsx(1096,35): error TS17004: Cannot use JSX unless the '--jsx' flag is provided.
app/caja/page.tsx(1097,35): error TS17004: Cannot use JSX unless the '--jsx' flag is provided.
app/caja/page.tsx(1098,35): error TS17004: Cannot use JSX unless the '--jsx' flag is provided.
app/caja/page.tsx(1099,35): error TS17004: Cannot use JSX unless the '--jsx' flag is provided.
app/caja/page.tsx(1100,35): error TS17004: Cannot use JSX unless the '--jsx' flag is provided.
app/caja/page.tsx(1103,31): error TS17004: Cannot use JSX unless the '--jsx' flag is provided.
app/caja/page.tsx(1105,35): error TS17004: Cannot use JSX unless the '--jsx' flag is provided.
app/caja/page.tsx(1106,37): error TS17004: Cannot use JSX unless the '--jsx' flag is provided.
app/caja/page.tsx(1107,37): error TS17004: Cannot use JSX unless the '--jsx' flag is provided.
app/caja/page.tsx(1108,37): error TS17004: Cannot use JSX unless the '--jsx' flag is provided.
app/caja/page.tsx(1109,37): error TS17004: Cannot use JSX unless the '--jsx' flag is provided.
app/caja/page.tsx(1110,37): error TS17004: Cannot use JSX unless the '--jsx' flag is provided.
app/caja/page.tsx(1113,37): error TS17004: Cannot use JSX unless the '--jsx' flag is provided.
app/caja/page.tsx(1128,19): error TS17004: Cannot use JSX unless the '--jsx' flag is provided.
app/caja/page.tsx(1129,21): error TS17004: Cannot use JSX unless the '--jsx' flag is provided.
app/caja/page.tsx(1130,23): error TS17004: Cannot use JSX unless the '--jsx' flag is provided.
app/caja/page.tsx(1139,15): error TS17004: Cannot use JSX unless the '--jsx' flag is provided.
app/caja/page.tsx(1141,19): error TS17004: Cannot use JSX unless the '--jsx' flag is provided.
app/caja/page.tsx(1142,21): error TS17004: Cannot use JSX unless the '--jsx' flag is provided.
app/caja/page.tsx(1143,23): error TS17004: Cannot use JSX unless the '--jsx' flag is provided.
app/caja/page.tsx(1145,21): error TS17004: Cannot use JSX unless the '--jsx' flag is provided.
app/caja/page.tsx(1146,23): error TS17004: Cannot use JSX unless the '--jsx' flag is provided.
app/caja/page.tsx(1147,25): error TS17004: Cannot use JSX unless the '--jsx' flag is provided.
app/caja/page.tsx(1148,27): error TS17004: Cannot use JSX unless the '--jsx' flag is provided.
app/caja/page.tsx(1149,27): error TS17004: Cannot use JSX unless the '--jsx' flag is provided.
app/caja/page.tsx(1151,25): error TS17004: Cannot use JSX unless the '--jsx' flag is provided.
app/caja/page.tsx(1152,27): error TS17004: Cannot use JSX unless the '--jsx' flag is provided.
app/caja/page.tsx(1155,27): error TS17004: Cannot use JSX unless the '--jsx' flag is provided.
app/caja/page.tsx(1161,25): error TS17004: Cannot use JSX unless the '--jsx' flag is provided.
app/caja/page.tsx(1162,27): error TS17004: Cannot use JSX unless the '--jsx' flag is provided.
app/caja/page.tsx(1165,27): error TS17004: Cannot use JSX unless the '--jsx' flag is provided.
app/caja/page.tsx(1173,23): error TS17004: Cannot use JSX unless the '--jsx' flag is provided.
app/caja/page.tsx(1174,25): error TS17004: Cannot use JSX unless the '--jsx' flag is provided.
app/caja/page.tsx(1175,27): error TS17004: Cannot use JSX unless the '--jsx' flag is provided.
app/caja/page.tsx(1176,27): error TS17004: Cannot use JSX unless the '--jsx' flag is provided.
app/caja/page.tsx(1178,25): error TS17004: Cannot use JSX unless the '--jsx' flag is provided.
app/caja/page.tsx(1179,27): error TS17004: Cannot use JSX unless the '--jsx' flag is provided.
app/caja/page.tsx(1180,27): error TS17004: Cannot use JSX unless the '--jsx' flag is provided.
app/caja/page.tsx(1182,25): error TS17004: Cannot use JSX unless the '--jsx' flag is provided.
app/caja/page.tsx(1183,27): error TS17004: Cannot use JSX unless the '--jsx' flag is provided.
app/caja/page.tsx(1184,27): error TS17004: Cannot use JSX unless the '--jsx' flag is provided.
app/caja/page.tsx(1188,23): error TS17004: Cannot use JSX unless the '--jsx' flag is provided.
app/caja/page.tsx(1232,31): error TS17004: Cannot use JSX unless the '--jsx' flag is provided.
app/caja/page.tsx(1233,33): error TS17004: Cannot use JSX unless the '--jsx' flag is provided.
app/caja/page.tsx(1236,33): error TS17004: Cannot use JSX unless the '--jsx' flag is provided.
app/caja/page.tsx(1237,33): error TS17004: Cannot use JSX unless the '--jsx' flag is provided.
app/caja/page.tsx(1244,31): error TS17004: Cannot use JSX unless the '--jsx' flag is provided.
app/caja/page.tsx(1245,33): error TS17004: Cannot use JSX unless the '--jsx' flag is provided.
app/caja/page.tsx(1248,33): error TS17004: Cannot use JSX unless the '--jsx' flag is provided.
app/caja/page.tsx(1253,31): error TS17004: Cannot use JSX unless the '--jsx' flag is provided.
app/caja/page.tsx(1254,33): error TS17004: Cannot use JSX unless the '--jsx' flag is provided.
app/caja/page.tsx(1261,23): error TS17004: Cannot use JSX unless the '--jsx' flag is provided.
app/caja/page.tsx(1262,25): error TS17004: Cannot use JSX unless the '--jsx' flag is provided.
app/caja/page.tsx(1263,27): error TS17004: Cannot use JSX unless the '--jsx' flag is provided.
app/caja/page.tsx(1268,29): error TS17004: Cannot use JSX unless the '--jsx' flag is provided.
app/caja/page.tsx(1271,27): error TS17004: Cannot use JSX unless the '--jsx' flag is provided.
app/caja/page.tsx(1277,29): error TS17004: Cannot use JSX unless the '--jsx' flag is provided.
app/caja/page.tsx(1290,11): error TS17004: Cannot use JSX unless the '--jsx' flag is provided.
app/caja/page.tsx(1292,13): error TS17004: Cannot use JSX unless the '--jsx' flag is provided.
app/caja/page.tsx(1293,15): error TS17004: Cannot use JSX unless the '--jsx' flag is provided.
app/caja/page.tsx(1294,17): error TS17004: Cannot use JSX unless the '--jsx' flag is provided.
app/caja/page.tsx(1300,19): error TS17004: Cannot use JSX unless the '--jsx' flag is provided.
app/caja/page.tsx(1303,17): error TS17004: Cannot use JSX unless the '--jsx' flag is provided.
app/caja/page.tsx(1309,19): error TS17004: Cannot use JSX unless the '--jsx' flag is provided.
app/caja/page.tsx(1312,17): error TS17004: Cannot use JSX unless the '--jsx' flag is provided.
app/caja/page.tsx(1318,19): error TS17004: Cannot use JSX unless the '--jsx' flag is provided.
app/caja/page.tsx(1324,15): error TS17004: Cannot use JSX unless the '--jsx' flag is provided.
app/caja/page.tsx(1325,17): error TS17004: Cannot use JSX unless the '--jsx' flag is provided.
app/caja/page.tsx(1326,19): error TS17004: Cannot use JSX unless the '--jsx' flag is provided.
app/caja/page.tsx(1328,17): error TS17004: Cannot use JSX unless the '--jsx' flag is provided.
app/caja/page.tsx(1329,19): error TS17004: Cannot use JSX unless the '--jsx' flag is provided.
app/caja/page.tsx(1333,23): error TS17004: Cannot use JSX unless the '--jsx' flag is provided.
app/caja/page.tsx(1343,15): error TS17004: Cannot use JSX unless the '--jsx' flag is provided.
app/caja/page.tsx(1361,23): error TS17004: Cannot use JSX unless the '--jsx' flag is provided.
app/caja/page.tsx(1362,25): error TS17004: Cannot use JSX unless the '--jsx' flag is provided.
app/caja/page.tsx(1363,27): error TS17004: Cannot use JSX unless the '--jsx' flag is provided.
app/caja/page.tsx(1364,29): error TS17004: Cannot use JSX unless the '--jsx' flag is provided.
app/caja/page.tsx(1365,31): error TS17004: Cannot use JSX unless the '--jsx' flag is provided.
app/caja/page.tsx(1366,33): error TS17004: Cannot use JSX unless the '--jsx' flag is provided.
app/caja/page.tsx(1368,31): error TS17004: Cannot use JSX unless the '--jsx' flag is provided.
app/caja/page.tsx(1369,33): error TS17004: Cannot use JSX unless the '--jsx' flag is provided.
app/caja/page.tsx(1370,33): error TS17004: Cannot use JSX unless the '--jsx' flag is provided.
app/caja/page.tsx(1374,29): error TS17004: Cannot use JSX unless the '--jsx' flag is provided.
app/caja/page.tsx(1375,31): error TS17004: Cannot use JSX unless the '--jsx' flag is provided.
app/caja/page.tsx(1376,33): error TS17004: Cannot use JSX unless the '--jsx' flag is provided.
app/caja/page.tsx(1377,33): error TS17004: Cannot use JSX unless the '--jsx' flag is provided.
app/caja/page.tsx(1379,31): error TS17004: Cannot use JSX unless the '--jsx' flag is provided.
app/caja/page.tsx(1380,33): error TS17004: Cannot use JSX unless the '--jsx' flag is provided.
app/caja/page.tsx(1381,33): error TS17004: Cannot use JSX unless the '--jsx' flag is provided.
app/caja/page.tsx(1383,31): error TS17004: Cannot use JSX unless the '--jsx' flag is provided.
app/caja/page.tsx(1384,33): error TS17004: Cannot use JSX unless the '--jsx' flag is provided.
app/caja/page.tsx(1385,33): error TS17004: Cannot use JSX unless the '--jsx' flag is provided.
app/caja/page.tsx(1387,31): error TS17004: Cannot use JSX unless the '--jsx' flag is provided.
app/caja/page.tsx(1388,33): error TS17004: Cannot use JSX unless the '--jsx' flag is provided.
app/caja/page.tsx(1389,33): error TS17004: Cannot use JSX unless the '--jsx' flag is provided.
app/caja/page.tsx(1391,31): error TS17004: Cannot use JSX unless the '--jsx' flag is provided.
app/caja/page.tsx(1410,19): error TS17004: Cannot use JSX unless the '--jsx' flag is provided.
app/caja/page.tsx(1411,21): error TS17004: Cannot use JSX unless the '--jsx' flag is provided.
app/caja/page.tsx(1412,23): error TS17004: Cannot use JSX unless the '--jsx' flag is provided.
app/caja/page.tsx(1420,15): error TS17004: Cannot use JSX unless the '--jsx' flag is provided.
app/caja/page.tsx(1421,17): error TS17004: Cannot use JSX unless the '--jsx' flag is provided.
app/caja/page.tsx(1422,19): error TS17004: Cannot use JSX unless the '--jsx' flag is provided.
app/caja/page.tsx(1424,17): error TS17004: Cannot use JSX unless the '--jsx' flag is provided.
app/caja/page.tsx(1425,19): error TS17004: Cannot use JSX unless the '--jsx' flag is provided.
app/caja/page.tsx(1426,21): error TS17004: Cannot use JSX unless the '--jsx' flag is provided.
app/caja/page.tsx(1427,23): error TS17004: Cannot use JSX unless the '--jsx' flag is provided.
app/caja/page.tsx(1428,25): error TS17004: Cannot use JSX unless the '--jsx' flag is provided.
app/caja/page.tsx(1429,25): error TS17004: Cannot use JSX unless the '--jsx' flag is provided.
app/caja/page.tsx(1430,27): error TS17004: Cannot use JSX unless the '--jsx' flag is provided.
app/caja/page.tsx(1431,29): error TS17004: Cannot use JSX unless the '--jsx' flag is provided.
app/caja/page.tsx(1433,27): error TS17004: Cannot use JSX unless the '--jsx' flag is provided.
app/caja/page.tsx(1435,31): error TS17004: Cannot use JSX unless the '--jsx' flag is provided.
app/caja/page.tsx(1442,23): error TS17004: Cannot use JSX unless the '--jsx' flag is provided.
app/caja/page.tsx(1443,25): error TS17004: Cannot use JSX unless the '--jsx' flag is provided.
app/caja/page.tsx(1444,25): error TS17004: Cannot use JSX unless the '--jsx' flag is provided.
app/caja/page.tsx(1445,27): error TS17004: Cannot use JSX unless the '--jsx' flag is provided.
app/caja/page.tsx(1446,29): error TS17004: Cannot use JSX unless the '--jsx' flag is provided.
app/caja/page.tsx(1448,27): error TS17004: Cannot use JSX unless the '--jsx' flag is provided.
app/caja/page.tsx(1452,33): error TS17004: Cannot use JSX unless the '--jsx' flag is provided.
app/caja/page.tsx(1463,21): error TS17004: Cannot use JSX unless the '--jsx' flag is provided.
app/caja/page.tsx(1464,23): error TS17004: Cannot use JSX unless the '--jsx' flag is provided.
app/caja/page.tsx(1465,25): error TS17004: Cannot use JSX unless the '--jsx' flag is provided.
app/caja/page.tsx(1466,27): error TS17004: Cannot use JSX unless the '--jsx' flag is provided.
app/caja/page.tsx(1467,27): error TS17004: Cannot use JSX unless the '--jsx' flag is provided.
app/caja/page.tsx(1484,23): error TS17004: Cannot use JSX unless the '--jsx' flag is provided.
app/caja/page.tsx(1485,25): error TS17004: Cannot use JSX unless the '--jsx' flag is provided.
app/caja/page.tsx(1486,27): error TS17004: Cannot use JSX unless the '--jsx' flag is provided.
app/caja/page.tsx(1487,27): error TS17004: Cannot use JSX unless the '--jsx' flag is provided.
app/caja/page.tsx(1504,23): error TS17004: Cannot use JSX unless the '--jsx' flag is provided.
app/caja/page.tsx(1505,25): error TS17004: Cannot use JSX unless the '--jsx' flag is provided.
app/caja/page.tsx(1506,27): error TS17004: Cannot use JSX unless the '--jsx' flag is provided.
app/caja/page.tsx(1507,27): error TS17004: Cannot use JSX unless the '--jsx' flag is provided.
app/caja/page.tsx(1532,15): error TS17004: Cannot use JSX unless the '--jsx' flag is provided.
app/caja/page.tsx(1533,17): error TS17004: Cannot use JSX unless the '--jsx' flag is provided.
app/caja/page.tsx(1534,19): error TS17004: Cannot use JSX unless the '--jsx' flag is provided.
app/caja/page.tsx(1536,17): error TS17004: Cannot use JSX unless the '--jsx' flag is provided.
app/caja/page.tsx(1545,25): error TS17004: Cannot use JSX unless the '--jsx' flag is provided.
app/caja/page.tsx(1583,23): error TS17004: Cannot use JSX unless the '--jsx' flag is provided.
app/caja/page.tsx(1584,25): error TS17004: Cannot use JSX unless the '--jsx' flag is provided.
app/caja/page.tsx(1585,27): error TS17004: Cannot use JSX unless the '--jsx' flag is provided.
app/caja/page.tsx(1586,29): error TS17004: Cannot use JSX unless the '--jsx' flag is provided.
app/caja/page.tsx(1587,29): error TS17004: Cannot use JSX unless the '--jsx' flag is provided.
app/caja/page.tsx(1589,27): error TS17004: Cannot use JSX unless the '--jsx' flag is provided.
app/caja/page.tsx(1590,29): error TS17004: Cannot use JSX unless the '--jsx' flag is provided.
app/caja/page.tsx(1591,29): error TS17004: Cannot use JSX unless the '--jsx' flag is provided.
app/caja/page.tsx(1595,27): error TS17004: Cannot use JSX unless the '--jsx' flag is provided.
app/caja/page.tsx(1596,29): error TS17004: Cannot use JSX unless the '--jsx' flag is provided.
app/caja/page.tsx(1597,29): error TS17004: Cannot use JSX unless the '--jsx' flag is provided.
app/caja/page.tsx(1599,27): error TS17004: Cannot use JSX unless the '--jsx' flag is provided.
app/caja/page.tsx(1600,29): error TS17004: Cannot use JSX unless the '--jsx' flag is provided.
app/caja/page.tsx(1601,29): error TS17004: Cannot use JSX unless the '--jsx' flag is provided.
app/caja/page.tsx(1605,25): error TS17004: Cannot use JSX unless the '--jsx' flag is provided.
app/caja/page.tsx(1606,27): error TS17004: Cannot use JSX unless the '--jsx' flag is provided.
app/caja/page.tsx(1611,29): error TS17004: Cannot use JSX unless the '--jsx' flag is provided.
app/caja/page.tsx(1614,27): error TS17004: Cannot use JSX unless the '--jsx' flag is provided.
app/caja/page.tsx(1616,76): error TS2345: Argument of type 'Date' is not assignable to parameter of type 'DateRange'.
  Property 'from' is missing in type 'Date' but required in type 'DateRange'.
app/caja/page.tsx(1619,29): error TS17004: Cannot use JSX unless the '--jsx' flag is provided.
app/caja/page.tsx(1622,27): error TS17004: Cannot use JSX unless the '--jsx' flag is provided.
app/caja/page.tsx(1635,15): error TS17004: Cannot use JSX unless the '--jsx' flag is provided.
app/caja/page.tsx(1636,17): error TS17004: Cannot use JSX unless the '--jsx' flag is provided.
app/caja/page.tsx(1637,19): error TS17004: Cannot use JSX unless the '--jsx' flag is provided.
app/caja/page.tsx(1638,21): error TS17004: Cannot use JSX unless the '--jsx' flag is provided.
app/caja/page.tsx(1638,22): error TS2304: Cannot find name 'Info'.
app/caja/page.tsx(1639,21): error TS17004: Cannot use JSX unless the '--jsx' flag is provided.
app/caja/page.tsx(1649,15): error TS17004: Cannot use JSX unless the '--jsx' flag is provided.
app/caja/page.tsx(1650,17): error TS17004: Cannot use JSX unless the '--jsx' flag is provided.
app/caja/page.tsx(1651,19): error TS17004: Cannot use JSX unless the '--jsx' flag is provided.
app/caja/page.tsx(1652,21): error TS17004: Cannot use JSX unless the '--jsx' flag is provided.
app/caja/page.tsx(1656,17): error TS17004: Cannot use JSX unless the '--jsx' flag is provided.
app/caja/page.tsx(1657,19): error TS17004: Cannot use JSX unless the '--jsx' flag is provided.
app/caja/page.tsx(1658,21): error TS17004: Cannot use JSX unless the '--jsx' flag is provided.
app/caja/page.tsx(1659,23): error TS17004: Cannot use JSX unless the '--jsx' flag is provided.
app/caja/page.tsx(1660,23): error TS17004: Cannot use JSX unless the '--jsx' flag is provided.
app/caja/page.tsx(1661,25): error TS17004: Cannot use JSX unless the '--jsx' flag is provided.
app/caja/page.tsx(1662,27): error TS17004: Cannot use JSX unless the '--jsx' flag is provided.
app/caja/page.tsx(1664,25): error TS17004: Cannot use JSX unless the '--jsx' flag is provided.
app/caja/page.tsx(1665,27): error TS17004: Cannot use JSX unless the '--jsx' flag is provided.
app/caja/page.tsx(1667,29): error TS17004: Cannot use JSX unless the '--jsx' flag is provided.
app/caja/page.tsx(1674,21): error TS17004: Cannot use JSX unless the '--jsx' flag is provided.
app/caja/page.tsx(1675,23): error TS17004: Cannot use JSX unless the '--jsx' flag is provided.
app/caja/page.tsx(1676,23): error TS17004: Cannot use JSX unless the '--jsx' flag is provided.
app/caja/page.tsx(1677,25): error TS17004: Cannot use JSX unless the '--jsx' flag is provided.
app/caja/page.tsx(1678,27): error TS17004: Cannot use JSX unless the '--jsx' flag is provided.
app/caja/page.tsx(1680,25): error TS17004: Cannot use JSX unless the '--jsx' flag is provided.
app/caja/page.tsx(1681,27): error TS17004: Cannot use JSX unless the '--jsx' flag is provided.
app/caja/page.tsx(1682,27): error TS17004: Cannot use JSX unless the '--jsx' flag is provided.
app/caja/page.tsx(1683,27): error TS17004: Cannot use JSX unless the '--jsx' flag is provided.
app/caja/page.tsx(1693,15): error TS17004: Cannot use JSX unless the '--jsx' flag is provided.
app/caja/page.tsx(1694,17): error TS17004: Cannot use JSX unless the '--jsx' flag is provided.
app/caja/page.tsx(1695,19): error TS17004: Cannot use JSX unless the '--jsx' flag is provided.
app/caja/page.tsx(1697,17): error TS17004: Cannot use JSX unless the '--jsx' flag is provided.
app/caja/page.tsx(1721,25): error TS17004: Cannot use JSX unless the '--jsx' flag is provided.
app/caja/page.tsx(1722,27): error TS17004: Cannot use JSX unless the '--jsx' flag is provided.
app/caja/page.tsx(1723,27): error TS17004: Cannot use JSX unless the '--jsx' flag is provided.
app/caja/page.tsx(1724,27): error TS17004: Cannot use JSX unless the '--jsx' flag is provided.
app/caja/page.tsx(1747,23): error TS17004: Cannot use JSX unless the '--jsx' flag is provided.
app/caja/page.tsx(1748,25): error TS17004: Cannot use JSX unless the '--jsx' flag is provided.
app/caja/page.tsx(1749,27): error TS17004: Cannot use JSX unless the '--jsx' flag is provided.
app/caja/page.tsx(1750,29): error TS17004: Cannot use JSX unless the '--jsx' flag is provided.
app/caja/page.tsx(1751,31): error TS17004: Cannot use JSX unless the '--jsx' flag is provided.
app/caja/page.tsx(1752,31): error TS17004: Cannot use JSX unless the '--jsx' flag is provided.
app/caja/page.tsx(1753,31): error TS17004: Cannot use JSX unless the '--jsx' flag is provided.
app/caja/page.tsx(1754,31): error TS17004: Cannot use JSX unless the '--jsx' flag is provided.
app/caja/page.tsx(1755,31): error TS17004: Cannot use JSX unless the '--jsx' flag is provided.
app/caja/page.tsx(1756,31): error TS17004: Cannot use JSX unless the '--jsx' flag is provided.
app/caja/page.tsx(1757,31): error TS17004: Cannot use JSX unless the '--jsx' flag is provided.
app/caja/page.tsx(1758,31): error TS17004: Cannot use JSX unless the '--jsx' flag is provided.
app/caja/page.tsx(1759,31): error TS17004: Cannot use JSX unless the '--jsx' flag is provided.
app/caja/page.tsx(1762,27): error TS17004: Cannot use JSX unless the '--jsx' flag is provided.
app/caja/page.tsx(1771,33): error TS17004: Cannot use JSX unless the '--jsx' flag is provided.
app/caja/page.tsx(1772,35): error TS17004: Cannot use JSX unless the '--jsx' flag is provided.
app/caja/page.tsx(1773,35): error TS17004: Cannot use JSX unless the '--jsx' flag is provided.
app/caja/page.tsx(1774,35): error TS17004: Cannot use JSX unless the '--jsx' flag is provided.
app/caja/page.tsx(1775,35): error TS17004: Cannot use JSX unless the '--jsx' flag is provided.
app/caja/page.tsx(1776,35): error TS17004: Cannot use JSX unless the '--jsx' flag is provided.
app/caja/page.tsx(1779,35): error TS17004: Cannot use JSX unless the '--jsx' flag is provided.
app/caja/page.tsx(1782,35): error TS17004: Cannot use JSX unless the '--jsx' flag is provided.
app/caja/page.tsx(1785,35): error TS17004: Cannot use JSX unless the '--jsx' flag is provided.
app/caja/page.tsx(1786,37): error TS17004: Cannot use JSX unless the '--jsx' flag is provided.
app/caja/page.tsx(1787,39): error TS17004: Cannot use JSX unless the '--jsx' flag is provided.
app/caja/page.tsx(1798,39): error TS17004: Cannot use JSX unless the '--jsx' flag is provided.
app/caja/page.tsx(1804,41): error TS17004: Cannot use JSX unless the '--jsx' flag is provided.
app/caja/page.tsx(1806,39): error TS17004: Cannot use JSX unless the '--jsx' flag is provided.
app/caja/page.tsx(1819,41): error TS17004: Cannot use JSX unless the '--jsx' flag is provided.
app/caja/page.tsx(1821,39): error TS17004: Cannot use JSX unless the '--jsx' flag is provided.
app/caja/page.tsx(1832,41): error TS17004: Cannot use JSX unless the '--jsx' flag is provided.
app/caja/page.tsx(1836,35): error TS17004: Cannot use JSX unless the '--jsx' flag is provided.
app/caja/page.tsx(1837,37): error TS17004: Cannot use JSX unless the '--jsx' flag is provided.
app/caja/page.tsx(1863,9): error TS17004: Cannot use JSX unless the '--jsx' flag is provided.
app/caja/page.tsx(1864,11): error TS17004: Cannot use JSX unless the '--jsx' flag is provided.
app/caja/page.tsx(1865,13): error TS17004: Cannot use JSX unless the '--jsx' flag is provided.
app/caja/page.tsx(1866,15): error TS17004: Cannot use JSX unless the '--jsx' flag is provided.
app/caja/page.tsx(1867,15): error TS17004: Cannot use JSX unless the '--jsx' flag is provided.
app/caja/page.tsx(1869,13): error TS17004: Cannot use JSX unless the '--jsx' flag is provided.
app/caja/page.tsx(1870,15): error TS17004: Cannot use JSX unless the '--jsx' flag is provided.
app/caja/page.tsx(1871,17): error TS17004: Cannot use JSX unless the '--jsx' flag is provided.
app/caja/page.tsx(1872,17): error TS17004: Cannot use JSX unless the '--jsx' flag is provided.
app/caja/page.tsx(1880,13): error TS17004: Cannot use JSX unless the '--jsx' flag is provided.
app/caja/page.tsx(1881,15): error TS17004: Cannot use JSX unless the '--jsx' flag is provided.
app/caja/page.tsx(1884,15): error TS17004: Cannot use JSX unless the '--jsx' flag is provided.
app/caja/page.tsx(1890,9): error TS17004: Cannot use JSX unless the '--jsx' flag is provided.
app/caja/page.tsx(1891,11): error TS17004: Cannot use JSX unless the '--jsx' flag is provided.
app/caja/page.tsx(1892,13): error TS17004: Cannot use JSX unless the '--jsx' flag is provided.
app/caja/page.tsx(1893,15): error TS17004: Cannot use JSX unless the '--jsx' flag is provided.
app/caja/page.tsx(1894,15): error TS17004: Cannot use JSX unless the '--jsx' flag is provided.
app/caja/page.tsx(1896,13): error TS17004: Cannot use JSX unless the '--jsx' flag is provided.
app/caja/page.tsx(1897,15): error TS17004: Cannot use JSX unless the '--jsx' flag is provided.
app/caja/page.tsx(1898,17): error TS17004: Cannot use JSX unless the '--jsx' flag is provided.
app/caja/page.tsx(1899,17): error TS17004: Cannot use JSX unless the '--jsx' flag is provided.
app/caja/page.tsx(1900,19): error TS17004: Cannot use JSX unless the '--jsx' flag is provided.
app/caja/page.tsx(1901,21): error TS17004: Cannot use JSX unless the '--jsx' flag is provided.
app/caja/page.tsx(1903,19): error TS17004: Cannot use JSX unless the '--jsx' flag is provided.
app/caja/page.tsx(1904,21): error TS17004: Cannot use JSX unless the '--jsx' flag is provided.
app/caja/page.tsx(1905,21): error TS17004: Cannot use JSX unless the '--jsx' flag is provided.
app/caja/page.tsx(1906,21): error TS17004: Cannot use JSX unless the '--jsx' flag is provided.
app/caja/page.tsx(1907,21): error TS17004: Cannot use JSX unless the '--jsx' flag is provided.
app/caja/page.tsx(1908,21): error TS17004: Cannot use JSX unless the '--jsx' flag is provided.
app/caja/page.tsx(1912,15): error TS17004: Cannot use JSX unless the '--jsx' flag is provided.
app/caja/page.tsx(1913,17): error TS17004: Cannot use JSX unless the '--jsx' flag is provided.
app/caja/page.tsx(1914,17): error TS17004: Cannot use JSX unless the '--jsx' flag is provided.
app/caja/page.tsx(1916,15): error TS17004: Cannot use JSX unless the '--jsx' flag is provided.
app/caja/page.tsx(1917,17): error TS17004: Cannot use JSX unless the '--jsx' flag is provided.
app/caja/page.tsx(1918,17): error TS17004: Cannot use JSX unless the '--jsx' flag is provided.
app/caja/page.tsx(1919,19): error TS17004: Cannot use JSX unless the '--jsx' flag is provided.
app/caja/page.tsx(1920,21): error TS17004: Cannot use JSX unless the '--jsx' flag is provided.
app/caja/page.tsx(1922,19): error TS17004: Cannot use JSX unless the '--jsx' flag is provided.
app/caja/page.tsx(1923,21): error TS17004: Cannot use JSX unless the '--jsx' flag is provided.
app/caja/page.tsx(1924,21): error TS17004: Cannot use JSX unless the '--jsx' flag is provided.
app/caja/page.tsx(1928,15): error TS17004: Cannot use JSX unless the '--jsx' flag is provided.
app/caja/page.tsx(1929,17): error TS17004: Cannot use JSX unless the '--jsx' flag is provided.
app/caja/page.tsx(1930,17): error TS17004: Cannot use JSX unless the '--jsx' flag is provided.
app/caja/page.tsx(1937,13): error TS17004: Cannot use JSX unless the '--jsx' flag is provided.
app/caja/page.tsx(1938,15): error TS17004: Cannot use JSX unless the '--jsx' flag is provided.
app/caja/page.tsx(1941,15): error TS17004: Cannot use JSX unless the '--jsx' flag is provided.
app/caja/page.tsx(1946,9): error TS17004: Cannot use JSX unless the '--jsx' flag is provided.
app/caja/page.tsx(1947,11): error TS17004: Cannot use JSX unless the '--jsx' flag is provided.
app/caja/page.tsx(1948,13): error TS17004: Cannot use JSX unless the '--jsx' flag is provided.
app/caja/page.tsx(1949,15): error TS17004: Cannot use JSX unless the '--jsx' flag is provided.
app/caja/page.tsx(1950,15): error TS17004: Cannot use JSX unless the '--jsx' flag is provided.
app/caja/page.tsx(1952,13): error TS17004: Cannot use JSX unless the '--jsx' flag is provided.
app/caja/page.tsx(1953,15): error TS17004: Cannot use JSX unless the '--jsx' flag is provided.
app/caja/page.tsx(1954,17): error TS17004: Cannot use JSX unless the '--jsx' flag is provided.
app/caja/page.tsx(1955,19): error TS17004: Cannot use JSX unless the '--jsx' flag is provided.
app/caja/page.tsx(1956,19): error TS17004: Cannot use JSX unless the '--jsx' flag is provided.
app/caja/page.tsx(1957,21): error TS17004: Cannot use JSX unless the '--jsx' flag is provided.
app/caja/page.tsx(1958,23): error TS17004: Cannot use JSX unless the '--jsx' flag is provided.
app/caja/page.tsx(1960,21): error TS17004: Cannot use JSX unless the '--jsx' flag is provided.
app/caja/page.tsx(1975,25): error TS17004: Cannot use JSX unless the '--jsx' flag is provided.
app/caja/page.tsx(1982,17): error TS17004: Cannot use JSX unless the '--jsx' flag is provided.
app/caja/page.tsx(1983,19): error TS17004: Cannot use JSX unless the '--jsx' flag is provided.
app/caja/page.tsx(1984,19): error TS17004: Cannot use JSX unless the '--jsx' flag is provided.
app/caja/page.tsx(1985,21): error TS17004: Cannot use JSX unless the '--jsx' flag is provided.
app/caja/page.tsx(1986,23): error TS17004: Cannot use JSX unless the '--jsx' flag is provided.
app/caja/page.tsx(1988,21): error TS17004: Cannot use JSX unless the '--jsx' flag is provided.
app/caja/page.tsx(1992,27): error TS17004: Cannot use JSX unless the '--jsx' flag is provided.
app/caja/page.tsx(2003,19): error TS17004: Cannot use JSX unless the '--jsx' flag is provided.
app/caja/page.tsx(2004,21): error TS17004: Cannot use JSX unless the '--jsx' flag is provided.
app/caja/page.tsx(2005,23): error TS17004: Cannot use JSX unless the '--jsx' flag is provided.
app/caja/page.tsx(2012,13): error TS17004: Cannot use JSX unless the '--jsx' flag is provided.
app/caja/page.tsx(2013,15): error TS17004: Cannot use JSX unless the '--jsx' flag is provided.
app/caja/page.tsx(2016,15): error TS17004: Cannot use JSX unless the '--jsx' flag is provided.
app/caja/page.tsx(2026,9): error TS17004: Cannot use JSX unless the '--jsx' flag is provided.
app/caja/page.tsx(2027,11): error TS17004: Cannot use JSX unless the '--jsx' flag is provided.
app/caja/page.tsx(2028,13): error TS17004: Cannot use JSX unless the '--jsx' flag is provided.
app/caja/page.tsx(2029,15): error TS17004: Cannot use JSX unless the '--jsx' flag is provided.
app/caja/page.tsx(2032,15): error TS17004: Cannot use JSX unless the '--jsx' flag is provided.
app/caja/page.tsx(2033,17): error TS17004: Cannot use JSX unless the '--jsx' flag is provided.
app/caja/page.tsx(2034,19): error TS17004: Cannot use JSX unless the '--jsx' flag is provided.
app/caja/page.tsx(2035,21): error TS17004: Cannot use JSX unless the '--jsx' flag is provided.
app/caja/page.tsx(2037,19): error TS17004: Cannot use JSX unless the '--jsx' flag is provided.
app/caja/page.tsx(2038,21): error TS17004: Cannot use JSX unless the '--jsx' flag is provided.
app/caja/page.tsx(2039,21): error TS17004: Cannot use JSX unless the '--jsx' flag is provided.
app/caja/page.tsx(2054,15): error TS17004: Cannot use JSX unless the '--jsx' flag is provided.
app/caja/page.tsx(2056,17): error TS17004: Cannot use JSX unless the '--jsx' flag is provided.
app/caja/page.tsx(2057,19): error TS17004: Cannot use JSX unless the '--jsx' flag is provided.
app/caja/page.tsx(2058,21): error TS17004: Cannot use JSX unless the '--jsx' flag is provided.
app/caja/page.tsx(2059,21): error TS17004: Cannot use JSX unless the '--jsx' flag is provided.
app/caja/page.tsx(2061,19): error TS17004: Cannot use JSX unless the '--jsx' flag is provided.
app/caja/page.tsx(2062,21): error TS17004: Cannot use JSX unless the '--jsx' flag is provided.
app/caja/page.tsx(2065,21): error TS17004: Cannot use JSX unless the '--jsx' flag is provided.
app/caja/page.tsx(2067,19): error TS17004: Cannot use JSX unless the '--jsx' flag is provided.
app/caja/page.tsx(2068,21): error TS17004: Cannot use JSX unless the '--jsx' flag is provided.
app/caja/page.tsx(2069,21): error TS17004: Cannot use JSX unless the '--jsx' flag is provided.
app/caja/page.tsx(2074,17): error TS17004: Cannot use JSX unless the '--jsx' flag is provided.
app/caja/page.tsx(2075,19): error TS17004: Cannot use JSX unless the '--jsx' flag is provided.
app/caja/page.tsx(2076,19): error TS17004: Cannot use JSX unless the '--jsx' flag is provided.
app/caja/page.tsx(2077,21): error TS17004: Cannot use JSX unless the '--jsx' flag is provided.
app/caja/page.tsx(2078,23): error TS17004: Cannot use JSX unless the '--jsx' flag is provided.
app/caja/page.tsx(2081,23): error TS17004: Cannot use JSX unless the '--jsx' flag is provided.
app/caja/page.tsx(2085,21): error TS17004: Cannot use JSX unless the '--jsx' flag is provided.
app/caja/page.tsx(2086,23): error TS17004: Cannot use JSX unless the '--jsx' flag is provided.
app/caja/page.tsx(2089,23): error TS17004: Cannot use JSX unless the '--jsx' flag is provided.
app/caja/page.tsx(2093,21): error TS17004: Cannot use JSX unless the '--jsx' flag is provided.
app/caja/page.tsx(2094,23): error TS17004: Cannot use JSX unless the '--jsx' flag is provided.
app/caja/page.tsx(2097,23): error TS17004: Cannot use JSX unless the '--jsx' flag is provided.
app/caja/page.tsx(2105,17): error TS17004: Cannot use JSX unless the '--jsx' flag is provided.
app/caja/page.tsx(2106,19): error TS17004: Cannot use JSX unless the '--jsx' flag is provided.
app/caja/page.tsx(2107,19): error TS17004: Cannot use JSX unless the '--jsx' flag is provided.
app/caja/page.tsx(2108,21): error TS17004: Cannot use JSX unless the '--jsx' flag is provided.
app/caja/page.tsx(2109,23): error TS17004: Cannot use JSX unless the '--jsx' flag is provided.
app/caja/page.tsx(2110,23): error TS17004: Cannot use JSX unless the '--jsx' flag is provided.
app/caja/page.tsx(2114,21): error TS17004: Cannot use JSX unless the '--jsx' flag is provided.
app/caja/page.tsx(2115,23): error TS17004: Cannot use JSX unless the '--jsx' flag is provided.
app/caja/page.tsx(2116,23): error TS17004: Cannot use JSX unless the '--jsx' flag is provided.
app/caja/page.tsx(2124,17): error TS17004: Cannot use JSX unless the '--jsx' flag is provided.
app/caja/page.tsx(2125,19): error TS17004: Cannot use JSX unless the '--jsx' flag is provided.
app/caja/page.tsx(2126,21): error TS17004: Cannot use JSX unless the '--jsx' flag is provided.
app/caja/page.tsx(2127,21): error TS17004: Cannot use JSX unless the '--jsx' flag is provided.
app/caja/page.tsx(2137,13): error TS17004: Cannot use JSX unless the '--jsx' flag is provided.
app/caja/page.tsx(2138,15): error TS17004: Cannot use JSX unless the '--jsx' flag is provided.
app/caja/page.tsx(2141,15): error TS17004: Cannot use JSX unless the '--jsx' flag is provided.
app/caja/page.tsx(2142,17): error TS17004: Cannot use JSX unless the '--jsx' flag is provided.
app/caja/page.tsx(2145,15): error TS17004: Cannot use JSX unless the '--jsx' flag is provided.
app/caja/page.tsx(2146,17): error TS17004: Cannot use JSX unless the '--jsx' flag is provided.
app/caja/page.tsx(2153,9): error TS17004: Cannot use JSX unless the '--jsx' flag is provided.
app/caja/page.tsx(2154,11): error TS17004: Cannot use JSX unless the '--jsx' flag is provided.
app/caja/page.tsx(2155,13): error TS17004: Cannot use JSX unless the '--jsx' flag is provided.
app/caja/page.tsx(2156,15): error TS17004: Cannot use JSX unless the '--jsx' flag is provided.
app/caja/page.tsx(2157,15): error TS17004: Cannot use JSX unless the '--jsx' flag is provided.
app/caja/page.tsx(2164,15): error TS17004: Cannot use JSX unless the '--jsx' flag is provided.
app/caja/page.tsx(2165,17): error TS17004: Cannot use JSX unless the '--jsx' flag is provided.
app/caja/page.tsx(2166,19): error TS17004: Cannot use JSX unless the '--jsx' flag is provided.
app/caja/page.tsx(2167,21): error TS17004: Cannot use JSX unless the '--jsx' flag is provided.
app/caja/page.tsx(2168,23): error TS17004: Cannot use JSX unless the '--jsx' flag is provided.
app/caja/page.tsx(2169,23): error TS17004: Cannot use JSX unless the '--jsx' flag is provided.
app/caja/page.tsx(2171,21): error TS17004: Cannot use JSX unless the '--jsx' flag is provided.
app/caja/page.tsx(2172,23): error TS17004: Cannot use JSX unless the '--jsx' flag is provided.
app/caja/page.tsx(2173,23): error TS17004: Cannot use JSX unless the '--jsx' flag is provided.
app/caja/page.tsx(2176,19): error TS17004: Cannot use JSX unless the '--jsx' flag is provided.
app/caja/page.tsx(2177,21): error TS17004: Cannot use JSX unless the '--jsx' flag is provided.
app/caja/page.tsx(2178,21): error TS17004: Cannot use JSX unless the '--jsx' flag is provided.
app/caja/page.tsx(2179,21): error TS17004: Cannot use JSX unless the '--jsx' flag is provided.
app/caja/page.tsx(2182,17): error TS17004: Cannot use JSX unless the '--jsx' flag is provided.
app/caja/page.tsx(2183,19): error TS17004: Cannot use JSX unless the '--jsx' flag is provided.
app/caja/page.tsx(2186,19): error TS17004: Cannot use JSX unless the '--jsx' flag is provided.
app/caja/page.tsx(2187,21): error TS17004: Cannot use JSX unless the '--jsx' flag is provided.
app/caja/page.tsx(2193,15): error TS17004: Cannot use JSX unless the '--jsx' flag is provided.
app/caja/page.tsx(2194,17): error TS17004: Cannot use JSX unless the '--jsx' flag is provided.
app/caja/page.tsx(2195,17): error TS17004: Cannot use JSX unless the '--jsx' flag is provided.
app/caja/page.tsx(2196,17): error TS17004: Cannot use JSX unless the '--jsx' flag is provided.
app/caja/page.tsx(2197,17): error TS17004: Cannot use JSX unless the '--jsx' flag is provided.
app/caja/page.tsx(2198,19): error TS17004: Cannot use JSX unless the '--jsx' flag is provided.
app/caja/page.tsx(2199,19): error TS17004: Cannot use JSX unless the '--jsx' flag is provided.
app/caja/page.tsx(2201,17): error TS17004: Cannot use JSX unless the '--jsx' flag is provided.
app/caja/page.tsx(2215,9): error TS17004: Cannot use JSX unless the '--jsx' flag is provided.
app/caja/page.tsx(2216,11): error TS17004: Cannot use JSX unless the '--jsx' flag is provided.
app/caja/page.tsx(2217,13): error TS17004: Cannot use JSX unless the '--jsx' flag is provided.
app/caja/page.tsx(2218,15): error TS17004: Cannot use JSX unless the '--jsx' flag is provided.
app/caja/page.tsx(2219,17): error TS17004: Cannot use JSX unless the '--jsx' flag is provided.
app/caja/page.tsx(2222,15): error TS17004: Cannot use JSX unless the '--jsx' flag is provided.
app/caja/page.tsx(2227,13): error TS17004: Cannot use JSX unless the '--jsx' flag is provided.
app/caja/page.tsx(2228,15): error TS17004: Cannot use JSX unless the '--jsx' flag is provided.
app/caja/page.tsx(2229,15): error TS17004: Cannot use JSX unless the '--jsx' flag is provided.
app/caja/page.tsx(2234,13): error TS17004: Cannot use JSX unless the '--jsx' flag is provided.
app/caja/page.tsx(2235,15): error TS17004: Cannot use JSX unless the '--jsx' flag is provided.
app/caja/page.tsx(2236,17): error TS17004: Cannot use JSX unless the '--jsx' flag is provided.
app/caja/page.tsx(2237,19): error TS17004: Cannot use JSX unless the '--jsx' flag is provided.
app/caja/page.tsx(2238,19): error TS17004: Cannot use JSX unless the '--jsx' flag is provided.
app/caja/page.tsx(2240,17): error TS17004: Cannot use JSX unless the '--jsx' flag is provided.
app/caja/page.tsx(2241,19): error TS17004: Cannot use JSX unless the '--jsx' flag is provided.
app/caja/page.tsx(2242,19): error TS17004: Cannot use JSX unless the '--jsx' flag is provided.
app/caja/page.tsx(2246,15): error TS17004: Cannot use JSX unless the '--jsx' flag is provided.
app/caja/page.tsx(2247,17): error TS17004: Cannot use JSX unless the '--jsx' flag is provided.
app/caja/page.tsx(2248,17): error TS17004: Cannot use JSX unless the '--jsx' flag is provided.
app/caja/page.tsx(2255,15): error TS17004: Cannot use JSX unless the '--jsx' flag is provided.
app/caja/page.tsx(2256,17): error TS17004: Cannot use JSX unless the '--jsx' flag is provided.
app/caja/page.tsx(2257,19): error TS17004: Cannot use JSX unless the '--jsx' flag is provided.
app/caja/page.tsx(2258,19): error TS17004: Cannot use JSX unless the '--jsx' flag is provided.
app/caja/page.tsx(2265,17): error TS17004: Cannot use JSX unless the '--jsx' flag is provided.
app/caja/page.tsx(2266,19): error TS17004: Cannot use JSX unless the '--jsx' flag is provided.
app/caja/page.tsx(2267,19): error TS17004: Cannot use JSX unless the '--jsx' flag is provided.
app/caja/page.tsx(2269,17): error TS17004: Cannot use JSX unless the '--jsx' flag is provided.
app/caja/page.tsx(2270,19): error TS17004: Cannot use JSX unless the '--jsx' flag is provided.
app/caja/page.tsx(2271,19): error TS17004: Cannot use JSX unless the '--jsx' flag is provided.
app/caja/page.tsx(2285,13): error TS17004: Cannot use JSX unless the '--jsx' flag is provided.
app/caja/page.tsx(2286,15): error TS17004: Cannot use JSX unless the '--jsx' flag is provided.
app/caja/page.tsx(2289,15): error TS17004: Cannot use JSX unless the '--jsx' flag is provided.
app/caja/page.tsx(2290,17): error TS17004: Cannot use JSX unless the '--jsx' flag is provided.
app/caja/page.tsx(2297,9): error TS17004: Cannot use JSX unless the '--jsx' flag is provided.
app/caja/page.tsx(2298,11): error TS17004: Cannot use JSX unless the '--jsx' flag is provided.
app/caja/page.tsx(2299,13): error TS17004: Cannot use JSX unless the '--jsx' flag is provided.
app/caja/page.tsx(2300,15): error TS17004: Cannot use JSX unless the '--jsx' flag is provided.
app/caja/page.tsx(2301,15): error TS17004: Cannot use JSX unless the '--jsx' flag is provided.
app/caja/page.tsx(2302,15): error TS17004: Cannot use JSX unless the '--jsx' flag is provided.
app/caja/page.tsx(2304,17): error TS17004: Cannot use JSX unless the '--jsx' flag is provided.
app/caja/page.tsx(2305,19): error TS17004: Cannot use JSX unless the '--jsx' flag is provided.
app/caja/page.tsx(2306,21): error TS17004: Cannot use JSX unless the '--jsx' flag is provided.
app/caja/page.tsx(2307,21): error TS17004: Cannot use JSX unless the '--jsx' flag is provided.
app/caja/page.tsx(2309,19): error TS17004: Cannot use JSX unless the '--jsx' flag is provided.
app/caja/page.tsx(2310,21): error TS17004: Cannot use JSX unless the '--jsx' flag is provided.
app/caja/page.tsx(2311,21): error TS17004: Cannot use JSX unless the '--jsx' flag is provided.
app/caja/page.tsx(2313,19): error TS17004: Cannot use JSX unless the '--jsx' flag is provided.
app/caja/page.tsx(2314,21): error TS17004: Cannot use JSX unless the '--jsx' flag is provided.
app/caja/page.tsx(2315,21): error TS17004: Cannot use JSX unless the '--jsx' flag is provided.
app/caja/page.tsx(2321,15): error TS17004: Cannot use JSX unless the '--jsx' flag is provided.
node_modules/lucide-react/dist/lucide-react.d.ts(2,10): error TS2305: Module '"react"' has no exported member 'ReactSVG'.
node_modules/next/dist/client/link.d.ts(1,8): error TS1259: Module '"C:/Users/Usuario/Documents/Antigravity/mi-web-tense/node_modules/@types/react/index"' can only be default-imported using the 'esModuleInterop' flag
node_modules/react-day-picker/dist/cjs/components/Button.d.ts(1,8): error TS1259: Module '"C:/Users/Usuario/Documents/Antigravity/mi-web-tense/node_modules/@types/react/index"' can only be default-imported using the 'esModuleInterop' flag
node_modules/react-day-picker/dist/cjs/components/CaptionLabel.d.ts(1,8): error TS1259: Module '"C:/Users/Usuario/Documents/Antigravity/mi-web-tense/node_modules/@types/react/index"' can only be default-imported using the 'esModuleInterop' flag
node_modules/react-day-picker/dist/cjs/components/Chevron.d.ts(1,8): error TS1259: Module '"C:/Users/Usuario/Documents/Antigravity/mi-web-tense/node_modules/@types/react/index"' can only be default-imported using the 'esModuleInterop' flag
node_modules/react-day-picker/dist/cjs/components/Day.d.ts(1,8): error TS1259: Module '"C:/Users/Usuario/Documents/Antigravity/mi-web-tense/node_modules/@types/react/index"' can only be default-imported using the 'esModuleInterop' flag
node_modules/react-day-picker/dist/cjs/components/DayButton.d.ts(1,8): error TS1259: Module '"C:/Users/Usuario/Documents/Antigravity/mi-web-tense/node_modules/@types/react/index"' can only be default-imported using the 'esModuleInterop' flag
node_modules/react-day-picker/dist/cjs/components/Dropdown.d.ts(1,8): error TS1259: Module '"C:/Users/Usuario/Documents/Antigravity/mi-web-tense/node_modules/@types/react/index"' can only be default-imported using the 'esModuleInterop' flag
node_modules/react-day-picker/dist/cjs/components/DropdownNav.d.ts(1,8): error TS1259: Module '"C:/Users/Usuario/Documents/Antigravity/mi-web-tense/node_modules/@types/react/index"' can only be default-imported using the 'esModuleInterop' flag
node_modules/react-day-picker/dist/cjs/components/Footer.d.ts(1,8): error TS1259: Module '"C:/Users/Usuario/Documents/Antigravity/mi-web-tense/node_modules/@types/react/index"' can only be default-imported using the 'esModuleInterop' flag
node_modules/react-day-picker/dist/cjs/components/Month.d.ts(1,8): error TS1259: Module '"C:/Users/Usuario/Documents/Antigravity/mi-web-tense/node_modules/@types/react/index"' can only be default-imported using the 'esModuleInterop' flag
node_modules/react-day-picker/dist/cjs/components/MonthCaption.d.ts(1,8): error TS1259: Module '"C:/Users/Usuario/Documents/Antigravity/mi-web-tense/node_modules/@types/react/index"' can only be default-imported using the 'esModuleInterop' flag
node_modules/react-day-picker/dist/cjs/components/MonthGrid.d.ts(1,8): error TS1259: Module '"C:/Users/Usuario/Documents/Antigravity/mi-web-tense/node_modules/@types/react/index"' can only be default-imported using the 'esModuleInterop' flag
node_modules/react-day-picker/dist/cjs/components/Months.d.ts(1,8): error TS1259: Module '"C:/Users/Usuario/Documents/Antigravity/mi-web-tense/node_modules/@types/react/index"' can only be default-imported using the 'esModuleInterop' flag
node_modules/react-day-picker/dist/cjs/components/MonthsDropdown.d.ts(1,8): error TS1259: Module '"C:/Users/Usuario/Documents/Antigravity/mi-web-tense/node_modules/@types/react/index"' can only be default-imported using the 'esModuleInterop' flag
node_modules/react-day-picker/dist/cjs/components/Nav.d.ts(1,8): error TS1259: Module '"C:/Users/Usuario/Documents/Antigravity/mi-web-tense/node_modules/@types/react/index"' can only be default-imported using the 'esModuleInterop' flag
node_modules/react-day-picker/dist/cjs/components/NextMonthButton.d.ts(1,8): error TS1259: Module '"C:/Users/Usuario/Documents/Antigravity/mi-web-tense/node_modules/@types/react/index"' can only be default-imported using the 'esModuleInterop' flag
node_modules/react-day-picker/dist/cjs/components/Option.d.ts(1,8): error TS1259: Module '"C:/Users/Usuario/Documents/Antigravity/mi-web-tense/node_modules/@types/react/index"' can only be default-imported using the 'esModuleInterop' flag
node_modules/react-day-picker/dist/cjs/components/PreviousMonthButton.d.ts(1,8): error TS1259: Module '"C:/Users/Usuario/Documents/Antigravity/mi-web-tense/node_modules/@types/react/index"' can only be default-imported using the 'esModuleInterop' flag
node_modules/react-day-picker/dist/cjs/components/Root.d.ts(1,8): error TS1259: Module '"C:/Users/Usuario/Documents/Antigravity/mi-web-tense/node_modules/@types/react/index"' can only be default-imported using the 'esModuleInterop' flag
node_modules/react-day-picker/dist/cjs/components/Select.d.ts(1,8): error TS1259: Module '"C:/Users/Usuario/Documents/Antigravity/mi-web-tense/node_modules/@types/react/index"' can only be default-imported using the 'esModuleInterop' flag
node_modules/react-day-picker/dist/cjs/components/Week.d.ts(1,8): error TS1259: Module '"C:/Users/Usuario/Documents/Antigravity/mi-web-tense/node_modules/@types/react/index"' can only be default-imported using the 'esModuleInterop' flag
node_modules/react-day-picker/dist/cjs/components/Weekday.d.ts(1,8): error TS1259: Module '"C:/Users/Usuario/Documents/Antigravity/mi-web-tense/node_modules/@types/react/index"' can only be default-imported using the 'esModuleInterop' flag
node_modules/react-day-picker/dist/cjs/components/Weekdays.d.ts(1,8): error TS1259: Module '"C:/Users/Usuario/Documents/Antigravity/mi-web-tense/node_modules/@types/react/index"' can only be default-imported using the 'esModuleInterop' flag
node_modules/react-day-picker/dist/cjs/components/WeekNumber.d.ts(1,8): error TS1259: Module '"C:/Users/Usuario/Documents/Antigravity/mi-web-tense/node_modules/@types/react/index"' can only be default-imported using the 'esModuleInterop' flag
node_modules/react-day-picker/dist/cjs/components/WeekNumberHeader.d.ts(1,8): error TS1259: Module '"C:/Users/Usuario/Documents/Antigravity/mi-web-tense/node_modules/@types/react/index"' can only be default-imported using the 'esModuleInterop' flag
node_modules/react-day-picker/dist/cjs/components/Weeks.d.ts(1,8): error TS1259: Module '"C:/Users/Usuario/Documents/Antigravity/mi-web-tense/node_modules/@types/react/index"' can only be default-imported using the 'esModuleInterop' flag
node_modules/react-day-picker/dist/cjs/components/YearsDropdown.d.ts(1,8): error TS1259: Module '"C:/Users/Usuario/Documents/Antigravity/mi-web-tense/node_modules/@types/react/index"' can only be default-imported using the 'esModuleInterop' flag
node_modules/react-day-picker/dist/cjs/DayPicker.d.ts(1,8): error TS1259: Module '"C:/Users/Usuario/Documents/Antigravity/mi-web-tense/node_modules/@types/react/index"' can only be default-imported using the 'esModuleInterop' flag
node_modules/react-day-picker/dist/cjs/types/props.d.ts(1,8): error TS1259: Module '"C:/Users/Usuario/Documents/Antigravity/mi-web-tense/node_modules/@types/react/index"' can only be default-imported using the 'esModuleInterop' flag
